// Jest Snapshot v1, https://goo.gl/fbAQLP

exports[`Button should match snapshot 1`] = `
ShallowWrapper {
  "length": 1,
  Symbol(enzyme.__root__): [Circular],
  Symbol(enzyme.__unrendered__): <Button
    category="people"
    favorites={
        Array [
            "favorite",
          ]
    }
    handleClick={[Function]}
/>,
  Symbol(enzyme.__renderer__): Object {
    "batchedUpdates": [Function],
    "getNode": [Function],
    "render": [Function],
    "simulateEvent": [Function],
    "unmount": [Function],
  },
  Symbol(enzyme.__node__): Object {
    "instance": null,
    "key": undefined,
    "nodeType": "host",
    "props": Object {
      "children": Array [
        <div
          id="people-button"
          onClick={[Function]}
          type="button"
>
          <div
                    className="circle"
          >
                    <img
                              alt="people"
                              className="icon"
                              src="vader.svg"
                    />
          </div>
          <h2
                    className="btnTitle"
          >
                    PEOPLE
          </h2>
</div>,
        <div
          className="button-container"
          id="planet-button"
          onClick={[Function]}
          type="button"
>
          <div
                    className="circle"
          >
                    <img
                              alt="planets"
                              className="icon"
                              src="deathstar.svg"
                    />
          </div>
          <h2
                    className="btnTitle"
          >
                    PLANETS
          </h2>
</div>,
        <div
          className="button-container"
          id="vehicle-button"
          onClick={[Function]}
          type="button"
>
          <div
                    className="circle"
          >
                    <img
                              alt="vehicles"
                              className="icon"
                              src="falcon.svg"
                    />
          </div>
          <h2
                    className="btnTitle"
          >
                    VEHICLES
          </h2>
</div>,
        <div
          className="button-container divider"
          id="favorite-button"
          onClick={[Function]}
>
          <div
                    className="circle filled"
          >
                    <h3
                              className="favorite-number"
                    >
                              1
                    </h3>
          </div>
          <h2
                    className="btnTitle"
          >
                    FAVORITES
          </h2>
</div>,
      ],
      "className": "buttons-wrapper",
    },
    "ref": null,
    "rendered": Array [
      Object {
        "instance": null,
        "key": undefined,
        "nodeType": "host",
        "props": Object {
          "children": Array [
            <div
              className="circle"
>
              <img
                            alt="people"
                            className="icon"
                            src="vader.svg"
              />
</div>,
            <h2
              className="btnTitle"
>
              PEOPLE
</h2>,
          ],
          "id": "people-button",
          "onClick": [Function],
          "type": "button",
        },
        "ref": null,
        "rendered": Array [
          Object {
            "instance": null,
            "key": undefined,
            "nodeType": "host",
            "props": Object {
              "children": <img
                alt="people"
                className="icon"
                src="vader.svg"
/>,
              "className": "circle",
            },
            "ref": null,
            "rendered": Object {
              "instance": null,
              "key": undefined,
              "nodeType": "host",
              "props": Object {
                "alt": "people",
                "className": "icon",
                "src": "vader.svg",
              },
              "ref": null,
              "rendered": null,
              "type": "img",
            },
            "type": "div",
          },
          Object {
            "instance": null,
            "key": undefined,
            "nodeType": "host",
            "props": Object {
              "children": "PEOPLE",
              "className": "btnTitle",
            },
            "ref": null,
            "rendered": "PEOPLE",
            "type": "h2",
          },
        ],
        "type": "div",
      },
      Object {
        "instance": null,
        "key": undefined,
        "nodeType": "host",
        "props": Object {
          "children": Array [
            <div
              className="circle"
>
              <img
                            alt="planets"
                            className="icon"
                            src="deathstar.svg"
              />
</div>,
            <h2
              className="btnTitle"
>
              PLANETS
</h2>,
          ],
          "className": "button-container",
          "id": "planet-button",
          "onClick": [Function],
          "type": "button",
        },
        "ref": null,
        "rendered": Array [
          Object {
            "instance": null,
            "key": undefined,
            "nodeType": "host",
            "props": Object {
              "children": <img
                alt="planets"
                className="icon"
                src="deathstar.svg"
/>,
              "className": "circle",
            },
            "ref": null,
            "rendered": Object {
              "instance": null,
              "key": undefined,
              "nodeType": "host",
              "props": Object {
                "alt": "planets",
                "className": "icon",
                "src": "deathstar.svg",
              },
              "ref": null,
              "rendered": null,
              "type": "img",
            },
            "type": "div",
          },
          Object {
            "instance": null,
            "key": undefined,
            "nodeType": "host",
            "props": Object {
              "children": "PLANETS",
              "className": "btnTitle",
            },
            "ref": null,
            "rendered": "PLANETS",
            "type": "h2",
          },
        ],
        "type": "div",
      },
      Object {
        "instance": null,
        "key": undefined,
        "nodeType": "host",
        "props": Object {
          "children": Array [
            <div
              className="circle"
>
              <img
                            alt="vehicles"
                            className="icon"
                            src="falcon.svg"
              />
</div>,
            <h2
              className="btnTitle"
>
              VEHICLES
</h2>,
          ],
          "className": "button-container",
          "id": "vehicle-button",
          "onClick": [Function],
          "type": "button",
        },
        "ref": null,
        "rendered": Array [
          Object {
            "instance": null,
            "key": undefined,
            "nodeType": "host",
            "props": Object {
              "children": <img
                alt="vehicles"
                className="icon"
                src="falcon.svg"
/>,
              "className": "circle",
            },
            "ref": null,
            "rendered": Object {
              "instance": null,
              "key": undefined,
              "nodeType": "host",
              "props": Object {
                "alt": "vehicles",
                "className": "icon",
                "src": "falcon.svg",
              },
              "ref": null,
              "rendered": null,
              "type": "img",
            },
            "type": "div",
          },
          Object {
            "instance": null,
            "key": undefined,
            "nodeType": "host",
            "props": Object {
              "children": "VEHICLES",
              "className": "btnTitle",
            },
            "ref": null,
            "rendered": "VEHICLES",
            "type": "h2",
          },
        ],
        "type": "div",
      },
      Object {
        "instance": null,
        "key": undefined,
        "nodeType": "host",
        "props": Object {
          "children": Array [
            <div
              className="circle filled"
>
              <h3
                            className="favorite-number"
              >
                            1
              </h3>
</div>,
            <h2
              className="btnTitle"
>
              FAVORITES
</h2>,
          ],
          "className": "button-container divider",
          "id": "favorite-button",
          "onClick": [Function],
        },
        "ref": null,
        "rendered": Array [
          Object {
            "instance": null,
            "key": undefined,
            "nodeType": "host",
            "props": Object {
              "children": <h3
                className="favorite-number"
>
                1
</h3>,
              "className": "circle filled",
            },
            "ref": null,
            "rendered": Object {
              "instance": null,
              "key": undefined,
              "nodeType": "host",
              "props": Object {
                "children": 1,
                "className": "favorite-number",
              },
              "ref": null,
              "rendered": 1,
              "type": "h3",
            },
            "type": "div",
          },
          Object {
            "instance": null,
            "key": undefined,
            "nodeType": "host",
            "props": Object {
              "children": "FAVORITES",
              "className": "btnTitle",
            },
            "ref": null,
            "rendered": "FAVORITES",
            "type": "h2",
          },
        ],
        "type": "div",
      },
    ],
    "type": "div",
  },
  Symbol(enzyme.__nodes__): Array [
    Object {
      "instance": null,
      "key": undefined,
      "nodeType": "host",
      "props": Object {
        "children": Array [
          <div
            id="people-button"
            onClick={[Function]}
            type="button"
>
            <div
                        className="circle"
            >
                        <img
                                    alt="people"
                                    className="icon"
                                    src="vader.svg"
                        />
            </div>
            <h2
                        className="btnTitle"
            >
                        PEOPLE
            </h2>
</div>,
          <div
            className="button-container"
            id="planet-button"
            onClick={[Function]}
            type="button"
>
            <div
                        className="circle"
            >
                        <img
                                    alt="planets"
                                    className="icon"
                                    src="deathstar.svg"
                        />
            </div>
            <h2
                        className="btnTitle"
            >
                        PLANETS
            </h2>
</div>,
          <div
            className="button-container"
            id="vehicle-button"
            onClick={[Function]}
            type="button"
>
            <div
                        className="circle"
            >
                        <img
                                    alt="vehicles"
                                    className="icon"
                                    src="falcon.svg"
                        />
            </div>
            <h2
                        className="btnTitle"
            >
                        VEHICLES
            </h2>
</div>,
          <div
            className="button-container divider"
            id="favorite-button"
            onClick={[Function]}
>
            <div
                        className="circle filled"
            >
                        <h3
                                    className="favorite-number"
                        >
                                    1
                        </h3>
            </div>
            <h2
                        className="btnTitle"
            >
                        FAVORITES
            </h2>
</div>,
        ],
        "className": "buttons-wrapper",
      },
      "ref": null,
      "rendered": Array [
        Object {
          "instance": null,
          "key": undefined,
          "nodeType": "host",
          "props": Object {
            "children": Array [
              <div
                className="circle"
>
                <img
                                alt="people"
                                className="icon"
                                src="vader.svg"
                />
</div>,
              <h2
                className="btnTitle"
>
                PEOPLE
</h2>,
            ],
            "id": "people-button",
            "onClick": [Function],
            "type": "button",
          },
          "ref": null,
          "rendered": Array [
            Object {
              "instance": null,
              "key": undefined,
              "nodeType": "host",
              "props": Object {
                "children": <img
                  alt="people"
                  className="icon"
                  src="vader.svg"
/>,
                "className": "circle",
              },
              "ref": null,
              "rendered": Object {
                "instance": null,
                "key": undefined,
                "nodeType": "host",
                "props": Object {
                  "alt": "people",
                  "className": "icon",
                  "src": "vader.svg",
                },
                "ref": null,
                "rendered": null,
                "type": "img",
              },
              "type": "div",
            },
            Object {
              "instance": null,
              "key": undefined,
              "nodeType": "host",
              "props": Object {
                "children": "PEOPLE",
                "className": "btnTitle",
              },
              "ref": null,
              "rendered": "PEOPLE",
              "type": "h2",
            },
          ],
          "type": "div",
        },
        Object {
          "instance": null,
          "key": undefined,
          "nodeType": "host",
          "props": Object {
            "children": Array [
              <div
                className="circle"
>
                <img
                                alt="planets"
                                className="icon"
                                src="deathstar.svg"
                />
</div>,
              <h2
                className="btnTitle"
>
                PLANETS
</h2>,
            ],
            "className": "button-container",
            "id": "planet-button",
            "onClick": [Function],
            "type": "button",
          },
          "ref": null,
          "rendered": Array [
            Object {
              "instance": null,
              "key": undefined,
              "nodeType": "host",
              "props": Object {
                "children": <img
                  alt="planets"
                  className="icon"
                  src="deathstar.svg"
/>,
                "className": "circle",
              },
              "ref": null,
              "rendered": Object {
                "instance": null,
                "key": undefined,
                "nodeType": "host",
                "props": Object {
                  "alt": "planets",
                  "className": "icon",
                  "src": "deathstar.svg",
                },
                "ref": null,
                "rendered": null,
                "type": "img",
              },
              "type": "div",
            },
            Object {
              "instance": null,
              "key": undefined,
              "nodeType": "host",
              "props": Object {
                "children": "PLANETS",
                "className": "btnTitle",
              },
              "ref": null,
              "rendered": "PLANETS",
              "type": "h2",
            },
          ],
          "type": "div",
        },
        Object {
          "instance": null,
          "key": undefined,
          "nodeType": "host",
          "props": Object {
            "children": Array [
              <div
                className="circle"
>
                <img
                                alt="vehicles"
                                className="icon"
                                src="falcon.svg"
                />
</div>,
              <h2
                className="btnTitle"
>
                VEHICLES
</h2>,
            ],
            "className": "button-container",
            "id": "vehicle-button",
            "onClick": [Function],
            "type": "button",
          },
          "ref": null,
          "rendered": Array [
            Object {
              "instance": null,
              "key": undefined,
              "nodeType": "host",
              "props": Object {
                "children": <img
                  alt="vehicles"
                  className="icon"
                  src="falcon.svg"
/>,
                "className": "circle",
              },
              "ref": null,
              "rendered": Object {
                "instance": null,
                "key": undefined,
                "nodeType": "host",
                "props": Object {
                  "alt": "vehicles",
                  "className": "icon",
                  "src": "falcon.svg",
                },
                "ref": null,
                "rendered": null,
                "type": "img",
              },
              "type": "div",
            },
            Object {
              "instance": null,
              "key": undefined,
              "nodeType": "host",
              "props": Object {
                "children": "VEHICLES",
                "className": "btnTitle",
              },
              "ref": null,
              "rendered": "VEHICLES",
              "type": "h2",
            },
          ],
          "type": "div",
        },
        Object {
          "instance": null,
          "key": undefined,
          "nodeType": "host",
          "props": Object {
            "children": Array [
              <div
                className="circle filled"
>
                <h3
                                className="favorite-number"
                >
                                1
                </h3>
</div>,
              <h2
                className="btnTitle"
>
                FAVORITES
</h2>,
            ],
            "className": "button-container divider",
            "id": "favorite-button",
            "onClick": [Function],
          },
          "ref": null,
          "rendered": Array [
            Object {
              "instance": null,
              "key": undefined,
              "nodeType": "host",
              "props": Object {
                "children": <h3
                  className="favorite-number"
>
                  1
</h3>,
                "className": "circle filled",
              },
              "ref": null,
              "rendered": Object {
                "instance": null,
                "key": undefined,
                "nodeType": "host",
                "props": Object {
                  "children": 1,
                  "className": "favorite-number",
                },
                "ref": null,
                "rendered": 1,
                "type": "h3",
              },
              "type": "div",
            },
            Object {
              "instance": null,
              "key": undefined,
              "nodeType": "host",
              "props": Object {
                "children": "FAVORITES",
                "className": "btnTitle",
              },
              "ref": null,
              "rendered": "FAVORITES",
              "type": "h2",
            },
          ],
          "type": "div",
        },
      ],
      "type": "div",
    },
  ],
  Symbol(enzyme.__options__): Object {
    "adapter": ReactSixteenAdapter {
      "options": Object {
        "enableComponentDidUpdateOnSetState": true,
      },
    },
  },
}
`;
