// Jest Snapshot v1, https://goo.gl/fbAQLP

exports[`PlanetCard should match snapshot 1`] = `
ShallowWrapper {
  "length": 1,
  Symbol(enzyme.__root__): [Circular],
  Symbol(enzyme.__unrendered__): <PlanetCard
    Data="planet"
    addFavorite={[Function]}
    item={
        Object {
            "climate": "temperate",
            "name": "Alderaan",
            "population": "2000000000",
            "residents": "Bob",
            "terrain": "grasslands, mountains",
          }
    }
/>,
  Symbol(enzyme.__renderer__): Object {
    "batchedUpdates": [Function],
    "getNode": [Function],
    "render": [Function],
    "simulateEvent": [Function],
    "unmount": [Function],
  },
  Symbol(enzyme.__node__): Object {
    "instance": null,
    "key": undefined,
    "nodeType": "host",
    "props": Object {
      "children": Array [
        <div
          alt="planet"
          className={undefined}
>
          <div
                    className="favorite"
                    onClick={[Function]}
          >
                    <img
                              alt="favorite"
                              className="fav-icon"
                              src="like.svg"
                    />
          </div>
</div>,
        <h3
          className="card-header"
/>,
        <h5
          className="sub-categories top"
>
          Climate:
          <span
                    className="normal"
          >
                     
          </span>
</h5>,
        <h5
          className="sub-categories"
>
          Terrain:
          <span
                    className="normal"
          >
                     
          </span>
</h5>,
        <h5
          className="sub-categories"
>
          Population:
          <span
                    className="normal"
          >
                     
          </span>
</h5>,
        <h5
          className="sub-categories"
>
          Residents:
          <span
                    className="normal"
          >
                     
          </span>
</h5>,
      ],
      "className": "card-planet",
    },
    "ref": null,
    "rendered": Array [
      Object {
        "instance": null,
        "key": undefined,
        "nodeType": "host",
        "props": Object {
          "alt": "planet",
          "children": <div
            className="favorite"
            onClick={[Function]}
>
            <img
                        alt="favorite"
                        className="fav-icon"
                        src="like.svg"
            />
</div>,
          "className": undefined,
        },
        "ref": null,
        "rendered": Object {
          "instance": null,
          "key": undefined,
          "nodeType": "host",
          "props": Object {
            "children": <img
              alt="favorite"
              className="fav-icon"
              src="like.svg"
/>,
            "className": "favorite",
            "onClick": [Function],
          },
          "ref": null,
          "rendered": Object {
            "instance": null,
            "key": undefined,
            "nodeType": "host",
            "props": Object {
              "alt": "favorite",
              "className": "fav-icon",
              "src": "like.svg",
            },
            "ref": null,
            "rendered": null,
            "type": "img",
          },
          "type": "div",
        },
        "type": "div",
      },
      Object {
        "instance": null,
        "key": undefined,
        "nodeType": "host",
        "props": Object {
          "children": undefined,
          "className": "card-header",
        },
        "ref": null,
        "rendered": null,
        "type": "h3",
      },
      Object {
        "instance": null,
        "key": undefined,
        "nodeType": "host",
        "props": Object {
          "children": Array [
            "Climate:",
            <span
              className="normal"
>
               
</span>,
          ],
          "className": "sub-categories top",
        },
        "ref": null,
        "rendered": Array [
          "Climate:",
          Object {
            "instance": null,
            "key": undefined,
            "nodeType": "host",
            "props": Object {
              "children": Array [
                " ",
                undefined,
              ],
              "className": "normal",
            },
            "ref": null,
            "rendered": Array [
              " ",
              undefined,
            ],
            "type": "span",
          },
        ],
        "type": "h5",
      },
      Object {
        "instance": null,
        "key": undefined,
        "nodeType": "host",
        "props": Object {
          "children": Array [
            "Terrain:",
            <span
              className="normal"
>
               
</span>,
          ],
          "className": "sub-categories",
        },
        "ref": null,
        "rendered": Array [
          "Terrain:",
          Object {
            "instance": null,
            "key": undefined,
            "nodeType": "host",
            "props": Object {
              "children": Array [
                " ",
                undefined,
              ],
              "className": "normal",
            },
            "ref": null,
            "rendered": Array [
              " ",
              undefined,
            ],
            "type": "span",
          },
        ],
        "type": "h5",
      },
      Object {
        "instance": null,
        "key": undefined,
        "nodeType": "host",
        "props": Object {
          "children": Array [
            "Population:",
            <span
              className="normal"
>
               
</span>,
          ],
          "className": "sub-categories",
        },
        "ref": null,
        "rendered": Array [
          "Population:",
          Object {
            "instance": null,
            "key": undefined,
            "nodeType": "host",
            "props": Object {
              "children": Array [
                " ",
                undefined,
              ],
              "className": "normal",
            },
            "ref": null,
            "rendered": Array [
              " ",
              undefined,
            ],
            "type": "span",
          },
        ],
        "type": "h5",
      },
      Object {
        "instance": null,
        "key": undefined,
        "nodeType": "host",
        "props": Object {
          "children": Array [
            "Residents:",
            <span
              className="normal"
>
               
</span>,
          ],
          "className": "sub-categories",
        },
        "ref": null,
        "rendered": Array [
          "Residents:",
          Object {
            "instance": null,
            "key": undefined,
            "nodeType": "host",
            "props": Object {
              "children": Array [
                " ",
                undefined,
              ],
              "className": "normal",
            },
            "ref": null,
            "rendered": Array [
              " ",
              undefined,
            ],
            "type": "span",
          },
        ],
        "type": "h5",
      },
    ],
    "type": "div",
  },
  Symbol(enzyme.__nodes__): Array [
    Object {
      "instance": null,
      "key": undefined,
      "nodeType": "host",
      "props": Object {
        "children": Array [
          <div
            alt="planet"
            className={undefined}
>
            <div
                        className="favorite"
                        onClick={[Function]}
            >
                        <img
                                    alt="favorite"
                                    className="fav-icon"
                                    src="like.svg"
                        />
            </div>
</div>,
          <h3
            className="card-header"
/>,
          <h5
            className="sub-categories top"
>
            Climate:
            <span
                        className="normal"
            >
                         
            </span>
</h5>,
          <h5
            className="sub-categories"
>
            Terrain:
            <span
                        className="normal"
            >
                         
            </span>
</h5>,
          <h5
            className="sub-categories"
>
            Population:
            <span
                        className="normal"
            >
                         
            </span>
</h5>,
          <h5
            className="sub-categories"
>
            Residents:
            <span
                        className="normal"
            >
                         
            </span>
</h5>,
        ],
        "className": "card-planet",
      },
      "ref": null,
      "rendered": Array [
        Object {
          "instance": null,
          "key": undefined,
          "nodeType": "host",
          "props": Object {
            "alt": "planet",
            "children": <div
              className="favorite"
              onClick={[Function]}
>
              <img
                            alt="favorite"
                            className="fav-icon"
                            src="like.svg"
              />
</div>,
            "className": undefined,
          },
          "ref": null,
          "rendered": Object {
            "instance": null,
            "key": undefined,
            "nodeType": "host",
            "props": Object {
              "children": <img
                alt="favorite"
                className="fav-icon"
                src="like.svg"
/>,
              "className": "favorite",
              "onClick": [Function],
            },
            "ref": null,
            "rendered": Object {
              "instance": null,
              "key": undefined,
              "nodeType": "host",
              "props": Object {
                "alt": "favorite",
                "className": "fav-icon",
                "src": "like.svg",
              },
              "ref": null,
              "rendered": null,
              "type": "img",
            },
            "type": "div",
          },
          "type": "div",
        },
        Object {
          "instance": null,
          "key": undefined,
          "nodeType": "host",
          "props": Object {
            "children": undefined,
            "className": "card-header",
          },
          "ref": null,
          "rendered": null,
          "type": "h3",
        },
        Object {
          "instance": null,
          "key": undefined,
          "nodeType": "host",
          "props": Object {
            "children": Array [
              "Climate:",
              <span
                className="normal"
>
                 
</span>,
            ],
            "className": "sub-categories top",
          },
          "ref": null,
          "rendered": Array [
            "Climate:",
            Object {
              "instance": null,
              "key": undefined,
              "nodeType": "host",
              "props": Object {
                "children": Array [
                  " ",
                  undefined,
                ],
                "className": "normal",
              },
              "ref": null,
              "rendered": Array [
                " ",
                undefined,
              ],
              "type": "span",
            },
          ],
          "type": "h5",
        },
        Object {
          "instance": null,
          "key": undefined,
          "nodeType": "host",
          "props": Object {
            "children": Array [
              "Terrain:",
              <span
                className="normal"
>
                 
</span>,
            ],
            "className": "sub-categories",
          },
          "ref": null,
          "rendered": Array [
            "Terrain:",
            Object {
              "instance": null,
              "key": undefined,
              "nodeType": "host",
              "props": Object {
                "children": Array [
                  " ",
                  undefined,
                ],
                "className": "normal",
              },
              "ref": null,
              "rendered": Array [
                " ",
                undefined,
              ],
              "type": "span",
            },
          ],
          "type": "h5",
        },
        Object {
          "instance": null,
          "key": undefined,
          "nodeType": "host",
          "props": Object {
            "children": Array [
              "Population:",
              <span
                className="normal"
>
                 
</span>,
            ],
            "className": "sub-categories",
          },
          "ref": null,
          "rendered": Array [
            "Population:",
            Object {
              "instance": null,
              "key": undefined,
              "nodeType": "host",
              "props": Object {
                "children": Array [
                  " ",
                  undefined,
                ],
                "className": "normal",
              },
              "ref": null,
              "rendered": Array [
                " ",
                undefined,
              ],
              "type": "span",
            },
          ],
          "type": "h5",
        },
        Object {
          "instance": null,
          "key": undefined,
          "nodeType": "host",
          "props": Object {
            "children": Array [
              "Residents:",
              <span
                className="normal"
>
                 
</span>,
            ],
            "className": "sub-categories",
          },
          "ref": null,
          "rendered": Array [
            "Residents:",
            Object {
              "instance": null,
              "key": undefined,
              "nodeType": "host",
              "props": Object {
                "children": Array [
                  " ",
                  undefined,
                ],
                "className": "normal",
              },
              "ref": null,
              "rendered": Array [
                " ",
                undefined,
              ],
              "type": "span",
            },
          ],
          "type": "h5",
        },
      ],
      "type": "div",
    },
  ],
  Symbol(enzyme.__options__): Object {
    "adapter": ReactSixteenAdapter {
      "options": Object {
        "enableComponentDidUpdateOnSetState": true,
      },
    },
  },
}
`;
