// Jest Snapshot v1, https://goo.gl/fbAQLP

exports[`Main should match snapshot 1`] = `
ShallowWrapper {
  "length": 1,
  Symbol(enzyme.__root__): [Circular],
  Symbol(enzyme.__unrendered__): <Navigation
    category="people"
    favorites={
        Array [
            "favorite",
          ]
    }
    handleClick={[Function]}
/>,
  Symbol(enzyme.__renderer__): Object {
    "batchedUpdates": [Function],
    "getNode": [Function],
    "render": [Function],
    "simulateEvent": [Function],
    "unmount": [Function],
  },
  Symbol(enzyme.__node__): Object {
    "instance": null,
    "key": undefined,
    "nodeType": "host",
    "props": Object {
      "children": Array [
        <img
          alt="star wars logo"
          className="logo"
          src="Star_Wars.svg"
/>,
        <Button
          favorites={
                    Array [
                              "favorite",
                            ]
          }
          handleClick={[Function]}
/>,
      ],
      "className": "nav-container",
    },
    "ref": null,
    "rendered": Array [
      Object {
        "instance": null,
        "key": undefined,
        "nodeType": "host",
        "props": Object {
          "alt": "star wars logo",
          "className": "logo",
          "src": "Star_Wars.svg",
        },
        "ref": null,
        "rendered": null,
        "type": "img",
      },
      Object {
        "instance": null,
        "key": undefined,
        "nodeType": "function",
        "props": Object {
          "favorites": Array [
            "favorite",
          ],
          "handleClick": [Function],
        },
        "ref": null,
        "rendered": null,
        "type": [Function],
      },
    ],
    "type": "div",
  },
  Symbol(enzyme.__nodes__): Array [
    Object {
      "instance": null,
      "key": undefined,
      "nodeType": "host",
      "props": Object {
        "children": Array [
          <img
            alt="star wars logo"
            className="logo"
            src="Star_Wars.svg"
/>,
          <Button
            favorites={
                        Array [
                                    "favorite",
                                  ]
            }
            handleClick={[Function]}
/>,
        ],
        "className": "nav-container",
      },
      "ref": null,
      "rendered": Array [
        Object {
          "instance": null,
          "key": undefined,
          "nodeType": "host",
          "props": Object {
            "alt": "star wars logo",
            "className": "logo",
            "src": "Star_Wars.svg",
          },
          "ref": null,
          "rendered": null,
          "type": "img",
        },
        Object {
          "instance": null,
          "key": undefined,
          "nodeType": "function",
          "props": Object {
            "favorites": Array [
              "favorite",
            ],
            "handleClick": [Function],
          },
          "ref": null,
          "rendered": null,
          "type": [Function],
        },
      ],
      "type": "div",
    },
  ],
  Symbol(enzyme.__options__): Object {
    "adapter": ReactSixteenAdapter {
      "options": Object {
        "enableComponentDidUpdateOnSetState": true,
      },
    },
  },
}
`;
